Microchip MPLAB XC8 Compiler V2.10 ()

Linker command line:

-W-3 --edf=C:\Program Files (x86)\Microchip\xc8\v2.10\pic\dat\en_msgs.txt \
  -cs -h+dist/default/debug\Intrumentacion.X.debug.sym \
  --cmf=dist/default/debug\Intrumentacion.X.debug.cmf -z -Q16F18446 \
  -oC:\Users\JuanJ\AppData\Local\Temp\sat8.2 --defsym=__MPLAB_BUILD=1 \
  -Mdist/default/debug/Intrumentacion.X.debug.map -E1 -ver=XC8 --acfsm=1493 \
  -ASTACK=021DDh-027EFh -pstack=STACK -ACODE=00h-07FFhx8 \
  -ASTRCODE=00h-03FFFh -ASTRING=00h-0FFhx64 -ACONST=00h-0FFhx64 \
  -AENTRY=00h-0FFhx64 -ACOMMON=070h-07Fh -ABANK0=020h-06Fh \
  -ABANK1=0A0h-0EFh -ABANK2=0120h-016Fh -ABANK3=01A0h-01EFh \
  -ABANK4=0220h-026Fh -ABANK5=02A0h-02EFh -ABANK6=0320h-036Fh \
  -ABANK7=03A0h-03EFh -ABANK8=0420h-046Fh -ABANK9=04A0h-04EFh \
  -ABANK10=0520h-056Fh -ABANK11=05A0h-05EFh -ABANK12=0620h-066Fh \
  -ABANK13=06A0h-06EFh -ABANK14=0720h-076Fh -ABANK15=07A0h-07EFh \
  -ABANK16=0820h-086Fh -ABANK17=08A0h-08EFh -ABANK18=0920h-096Fh \
  -ABANK19=09A0h-09EFh -ABANK20=0A20h-0A6Fh -ABANK21=0AA0h-0AEFh \
  -ABANK22=0B20h-0B6Fh -ABANK23=0BA0h-0BEFh -ABANK24=0C20h-0C6Fh \
  -ABANK25=0CA0h-0CBFh -ABIGRAM=02000h-027EFh \
  -ARAM=020h-06Fh,0A0h-0EFh,0120h-016Fh,01A0h-01EFh,0220h-026Fh,02A0h-02EFh,0320h-036Fh,03A0h-03EFh,0420h-046Fh,04A0h-04EFh,0520h-056Fh,05A0h-05EFh,0620h-066Fh,06A0h-06EFh,0720h-076Fh,07A0h-07EFh,0820h-086Fh,08A0h-08EFh,0920h-096Fh,09A0h-09EFh,0A20h-0A6Fh,0AA0h-0AEFh,0B20h-0B6Fh,0BA0h-0BEFh,0C20h-0C6Fh,0CA0h-0CBFh \
  -AABS1=020h-07Fh,0A0h-0EFh,0120h-016Fh,01A0h-01EFh,0220h-026Fh,02A0h-02EFh,0320h-036Fh,03A0h-03EFh,0420h-046Fh,04A0h-04EFh,0520h-056Fh,05A0h-05EFh,0620h-066Fh,06A0h-06EFh,0720h-076Fh,07A0h-07EFh,0820h-086Fh,08A0h-08EFh,0920h-096Fh,09A0h-09EFh,0A20h-0A6Fh,0AA0h-0AEFh,0B20h-0B6Fh,0BA0h-0BEFh,0C20h-0C6Fh,0CA0h-0CBFh \
  -ASFR0=00h-01Fh -ASFR1=080h-09Fh -ASFR2=0100h-011Fh -ASFR3=0180h-019Fh \
  -ASFR4=0200h-021Fh -ASFR5=0280h-029Fh -ASFR6=0300h-031Fh \
  -ASFR7=0380h-039Fh -ASFR8=0400h-041Fh -ASFR9=0480h-049Fh \
  -ASFR10=0500h-051Fh -ASFR11=0580h-059Fh -ASFR12=0600h-061Fh \
  -ASFR13=0680h-069Fh -ASFR14=0700h-071Fh -ASFR15=0780h-079Fh \
  -ASFR16=0800h-081Fh -ASFR17=0880h-089Fh -ASFR18=0900h-091Fh \
  -ASFR19=0980h-099Fh -ASFR20=0A00h-0A1Fh -ASFR21=0A80h-0A9Fh \
  -ASFR22=0B00h-0B1Fh -ASFR23=0B80h-0B9Fh -ASFR24=0C00h-0C1Fh \
  -ASFR25=0C80h-0C9Fh -ASFR26=0D00h-0D6Fh -ASFR27=0D80h-0DEFh \
  -ASFR28=0E00h-0E6Fh -ASFR29=0E80h-0EEFh -ASFR30=0F00h-0F6Fh \
  -ASFR31=0F80h-0FEFh -ASFR32=01000h-0106Fh -ASFR33=01080h-010EFh \
  -ASFR34=01100h-0116Fh -ASFR35=01180h-011EFh -ASFR36=01200h-0126Fh \
  -ASFR37=01280h-012EFh -ASFR38=01300h-0136Fh -ASFR39=01380h-013EFh \
  -ASFR40=01400h-0146Fh -ASFR41=01480h-014EFh -ASFR42=01500h-0156Fh \
  -ASFR43=01580h-015EFh -ASFR44=01600h-0166Fh -ASFR45=01680h-016EFh \
  -ASFR46=01700h-0176Fh -ASFR47=01780h-017EFh -ASFR48=01800h-0186Fh \
  -ASFR49=01880h-018EFh -ASFR50=01900h-0196Fh -ASFR51=01980h-019EFh \
  -ASFR52=01A00h-01A6Fh -ASFR53=01A80h-01AEFh -ASFR54=01B00h-01B6Fh \
  -ASFR55=01B80h-01BEFh -ASFR56=01C00h-01C6Fh -ASFR57=01C80h-01CEFh \
  -ASFR58=01D00h-01D6Fh -ASFR59=01D80h-01DEFh -ASFR60=01E00h-01E6Fh \
  -ASFR61=01E80h-01EEFh -ASFR62=01F00h-01F6Fh -ASFR63=01F80h-01FEFh \
  -preset_vec=00h,intentry=04h,init,end_init -ppowerup=CODE -pcinit=CODE \
  -pfunctab=ENTRY -ACONFIG=08007h-0800Bh -pconfig=CONFIG -DCONFIG=2 \
  -AIDLOC=08000h-08003h -pidloc=IDLOC -DIDLOC=2 -AEEDATA=00h-0FFh/0F000h \
  -peeprom_data=EEDATA -DEEDATA=2 -DCODE=2 -DSTRCODE=2 -DSTRING=2 -DCONST=2 \
  -DENTRY=2 -k C:\Users\JuanJ\AppData\Local\Temp\sat8.o \
  dist/default/debug\Intrumentacion.X.debug.o 

Object code version is 3.11

Machine type is 16F18446



                Name                               Link     Load   Length Selector   Space Scale
C:\Users\JuanJ\AppData\Local\Temp\sat8.o
                end_init                             37       37        2        8       0
                reset_vec                             0        0        2        0       0
                config                             8007     8007        5    1000E       0
dist/default/debug\Intrumentacion.X.debug.o
                cinit                                39       39       27        8       0
                intentry                              4        4       33        8       0
                text26_split_16                      60       60      782        8       0
                text26_split_15                    2AFD     2AFD       83     55FA       0
                text26_split_14                    2C87     2C87       89     590E       0
                text26_split_13                    100B     100B       92     2016       0
                text26_split_12                    2E47     2E47       B1     5C8E       0
                text26_split_11                    2C03     2C03       84     5806       0
                text26_split_10                    2B80     2B80       83     5700       0
                text26_split_9                     21AC     21AC      11D     4358       0
                text26_split_8                     200A     200A       8F     4014       0
                text26_split_7                     2516     2516      136     4A2C       0
                text26_split_6                      83D      83D      7C3     107A       0
                text26_split_5                     185F     185F      14E     30BE       0
                text26_split_4                     12F4     12F4      278     25E8       0
                text26_split_3                     23E9     23E9      12D     47D2       0
                text26_split_2                     2099     2099      113     4132       0
                text26_split_1                     1DB4     1DB4      24C     3B68       0
                text39                             2A89     2A89       74     5512       0
                text38                             264C     264C      1B4     4C98       0
                text37                             1000     1000        B     107A       0
                text36                             1B7C     1B7C      238     36F8       0
                text35                             292E     292E       20     525C       0
                text34                             2D9B     2D9B       AC     5B36       0
                text33                             294E     294E       22     529C       0
                text32                             2970     2970       23     52E0       0
                text31                             109D     109D      257     213A       0
                text30                             22C9     22C9      120     4592       0
                text29                             2D10     2D10       8B     5A20       0
                text28                              800      800       11     1000       0
                text27                             156C     156C      294     2AD8       0
                text26                             19AD     19AD      1CF     335A       0
                text25                             28A2     28A2        6     5144       0
                text24                             2EF8     2EF8      108     5DF0       0
                text23                             28F0     28F0        F     51E0       0
                text22                              7F9      7F9        7        8       0
                text21                              7E2      7E2       17        8       0
                text20                             289A     289A        4     5134       0
                text19                                2        2        1        0       0
                text18                             289E     289E        4     513C       0
                text17                             2A06     2A06       3F     540C       0
                text16                              811      811       2C     1022       0
                text14                             2A45     2A45       44     548A       0
                text13                             28BA     28BA        9     5174       0
                text12                             29B6     29B6       27     536C       0
                text11                             28A8     28A8        6     5150       0
                text10                             28C3     28C3        9     5186       0
                text9                              28CC     28CC        9     5198       0
                text8                              28D5     28D5        9     51AA       0
                text7                              28DE     28DE        9     51BC       0
                text6                              1819     1819       46     3032       0
                text5                              28E7     28E7        9     51CE       0
                text4                              29DD     29DD       29     53BA       0
                text3                              2000     2000        A     3B68       0
                text2                              28FF     28FF       10     51FE       0
                text1                              2993     2993       23     5326       0
                maintext                           290F     290F       1F     521E       0
                cstackBANK0                          20       20       50       20       1
                cstackCOMMON                         70       70        E       70       1
                cstackBANK1                          A0       A0       4F       A0       1
                cstackBANK2                         120      120       50      120       1
                cstackBANK3                         1A0      1A0       50      1A0       1
                cstackBANK4                         220      220       21      220       1
                cstackBANK5                         2E8      2E8        3      2A0       1
                clrtext                            28AE     28AE        6     515C       0
                inittext                           28B4     28B4        6     5168       0
                dataBANK5                           2D2      2D2       16      2A0       1
                bssBANK5                            2A0      2A0       32      2A0       1
                dataBANK4                           26C      26C        1      220       1
                bssBANK4                            241      241       20      220       1
                bssBANK1                             EF       EF        1       A0       1
                stringtext29                       307C     307C        1     6000       0
                nvBANK5                             2EB      2EB        2      2A0       1
                nvBANK4                             261      261        B      220       1
                stringtext28                       3078     3078        4     6000       0
                stringtext27                       3074     3074        4     6000       0
                stringtext26                       3070     3070        4     6000       0
                stringtext25                       3010     3010        8     6000       0
                stringtext24                       306C     306C        4     6000       0
                stringtext23                       3068     3068        4     6000       0
                stringtext22                       3064     3064        4     6000       0
                stringtext21                       3060     3060        4     6000       0
                stringtext20                       305C     305C        4     6000       0
                stringtext19                       3058     3058        4     6000       0
                stringtext18                       3054     3054        4     6000       0
                stringtext17                       3050     3050        4     6000       0
                stringtext16                       304C     304C        4     6000       0
                stringtext15                       3048     3048        4     6000       0
                stringtext14                       3044     3044        4     6000       0
                stringtext13                       3040     3040        4     6000       0
                stringtext12                       303C     303C        4     6000       0
                stringtext11                       3038     3038        4     6000       0
                stringtext10                       3034     3034        4     6000       0
                stringtext9                        3030     3030        4     6000       0
                stringtext8                        302C     302C        4     6000       0
                stringtext7                        3028     3028        4     6000       0
                stringtext6                        3024     3024        4     6000       0
                stringtext5                        3020     3020        4     6000       0
                stringtext4                        301C     301C        4     6000       0
                stringtext3                        3018     3018        4     6000       0
                stringtext2                        3008     3008        8     6000       0
                stringtext1                        3000     3000        8     6000       0
                idataBANK5                         1803     1803       16     3006       0
                idataBANK4                            3        3        1        6       0

TOTAL           Name                               Link     Load   Length     Space
        CLASS   STACK          

        CLASS   CODE           
                end_init                             37       37        2         0
                cinit                                39       39       27         0
                intentry                              4        4       33         0
                reset_vec                             0        0        2         0
                text26_split_16                      60       60      782         0
                text26_split_15                    2AFD     2AFD       83         0
                text26_split_14                    2C87     2C87       89         0
                text26_split_13                    100B     100B       92         0
                text26_split_12                    2E47     2E47       B1         0
                text26_split_11                    2C03     2C03       84         0
                text26_split_10                    2B80     2B80       83         0
                text26_split_9                     21AC     21AC      11D         0
                text26_split_8                     200A     200A       8F         0
                text26_split_7                     2516     2516      136         0
                text26_split_6                      83D      83D      7C3         0
                text26_split_5                     185F     185F      14E         0
                text26_split_4                     12F4     12F4      278         0
                text26_split_3                     23E9     23E9      12D         0
                text26_split_2                     2099     2099      113         0
                text26_split_1                     1DB4     1DB4      24C         0
                text39                             2A89     2A89       74         0
                text38                             264C     264C      1B4         0
                text37                             1000     1000        B         0
                text36                             1B7C     1B7C      238         0
                text35                             292E     292E       20         0
                text34                             2D9B     2D9B       AC         0
                text33                             294E     294E       22         0
                text32                             2970     2970       23         0
                text31                             109D     109D      257         0
                text30                             22C9     22C9      120         0
                text29                             2D10     2D10       8B         0
                text28                              800      800       11         0
                text27                             156C     156C      294         0
                text26                             19AD     19AD      1CF         0
                text25                             28A2     28A2        6         0
                text24                             2EF8     2EF8      108         0
                text23                             28F0     28F0        F         0
                text22                              7F9      7F9        7         0
                text21                              7E2      7E2       17         0
                text20                             289A     289A        4         0
                text19                                2        2        1         0
                text18                             289E     289E        4         0
                text17                             2A06     2A06       3F         0
                text16                              811      811       2C         0
                text14                             2A45     2A45       44         0
                text13                             28BA     28BA        9         0
                text12                             29B6     29B6       27         0
                text11                             28A8     28A8        6         0
                text10                             28C3     28C3        9         0
                text9                              28CC     28CC        9         0
                text8                              28D5     28D5        9         0
                text7                              28DE     28DE        9         0
                text6                              1819     1819       46         0
                text5                              28E7     28E7        9         0
                text4                              29DD     29DD       29         0
                text3                              2000     2000        A         0
                text2                              28FF     28FF       10         0
                text1                              2993     2993       23         0
                maintext                           290F     290F       1F         0
                clrtext                            28AE     28AE        6         0
                inittext                           28B4     28B4        6         0
                idataBANK5                         1803     1803       16         0
                idataBANK4                            3        3        1         0

        CLASS   STRCODE        
                stringtext29                       307C     307C        1         0
                stringtext28                       3078     3078        4         0
                stringtext27                       3074     3074        4         0
                stringtext26                       3070     3070        4         0
                stringtext25                       3010     3010        8         0
                stringtext24                       306C     306C        4         0
                stringtext23                       3068     3068        4         0
                stringtext22                       3064     3064        4         0
                stringtext21                       3060     3060        4         0
                stringtext20                       305C     305C        4         0
                stringtext19                       3058     3058        4         0
                stringtext18                       3054     3054        4         0
                stringtext17                       3050     3050        4         0
                stringtext16                       304C     304C        4         0
                stringtext15                       3048     3048        4         0
                stringtext14                       3044     3044        4         0
                stringtext13                       3040     3040        4         0
                stringtext12                       303C     303C        4         0
                stringtext11                       3038     3038        4         0
                stringtext10                       3034     3034        4         0
                stringtext9                        3030     3030        4         0
                stringtext8                        302C     302C        4         0
                stringtext7                        3028     3028        4         0
                stringtext6                        3024     3024        4         0
                stringtext5                        3020     3020        4         0
                stringtext4                        301C     301C        4         0
                stringtext3                        3018     3018        4         0
                stringtext2                        3008     3008        8         0
                stringtext1                        3000     3000        8         0

        CLASS   STRING         

        CLASS   CONST          

        CLASS   ENTRY          

        CLASS   COMMON         
                cstackCOMMON                         70       70        E         1

        CLASS   BANK0          
                cstackBANK0                          20       20       50         1

        CLASS   BANK1          
                cstackBANK1                          A0       A0       4F         1
                bssBANK1                             EF       EF        1         1

        CLASS   BANK2          
                cstackBANK2                         120      120       50         1

        CLASS   BANK3          
                cstackBANK3                         1A0      1A0       50         1

        CLASS   BANK4          
                cstackBANK4                         220      220       21         1
                dataBANK4                           26C      26C        1         1
                bssBANK4                            241      241       20         1
                nvBANK4                             261      261        B         1

        CLASS   BANK5          
                cstackBANK5                         2E8      2E8        3         1
                dataBANK5                           2D2      2D2       16         1
                bssBANK5                            2A0      2A0       32         1
                nvBANK5                             2EB      2EB        2         1

        CLASS   BANK6          

        CLASS   BANK7          

        CLASS   BANK8          

        CLASS   BANK9          

        CLASS   BANK10         

        CLASS   BANK11         

        CLASS   BANK12         

        CLASS   BANK13         

        CLASS   BANK14         

        CLASS   BANK15         

        CLASS   BANK16         

        CLASS   BANK17         

        CLASS   BANK18         

        CLASS   BANK19         

        CLASS   BANK20         

        CLASS   BANK21         

        CLASS   BANK22         

        CLASS   BANK23         

        CLASS   BANK24         

        CLASS   BANK25         

        CLASS   BIGRAM         

        CLASS   RAM            

        CLASS   ABS1           
                abs_s1                               7E       7E        2         1

        CLASS   SFR0           

        CLASS   SFR1           

        CLASS   SFR2           

        CLASS   SFR3           

        CLASS   SFR4           

        CLASS   SFR5           

        CLASS   SFR6           

        CLASS   SFR7           

        CLASS   SFR8           

        CLASS   SFR9           

        CLASS   SFR10          

        CLASS   SFR11          

        CLASS   SFR12          

        CLASS   SFR13          

        CLASS   SFR14          

        CLASS   SFR15          

        CLASS   SFR16          

        CLASS   SFR17          

        CLASS   SFR18          

        CLASS   SFR19          

        CLASS   SFR20          

        CLASS   SFR21          

        CLASS   SFR22          

        CLASS   SFR23          

        CLASS   SFR24          

        CLASS   SFR25          

        CLASS   SFR26          

        CLASS   SFR27          

        CLASS   SFR28          

        CLASS   SFR29          

        CLASS   SFR30          

        CLASS   SFR31          

        CLASS   SFR32          

        CLASS   SFR33          

        CLASS   SFR34          

        CLASS   SFR35          

        CLASS   SFR36          

        CLASS   SFR37          

        CLASS   SFR38          

        CLASS   SFR39          

        CLASS   SFR40          

        CLASS   SFR41          

        CLASS   SFR42          

        CLASS   SFR43          

        CLASS   SFR44          

        CLASS   SFR45          

        CLASS   SFR46          

        CLASS   SFR47          

        CLASS   SFR48          

        CLASS   SFR49          

        CLASS   SFR50          

        CLASS   SFR51          

        CLASS   SFR52          

        CLASS   SFR53          

        CLASS   SFR54          

        CLASS   SFR55          

        CLASS   SFR56          

        CLASS   SFR57          

        CLASS   SFR58          

        CLASS   SFR59          

        CLASS   SFR60          

        CLASS   SFR61          

        CLASS   SFR62          

        CLASS   SFR63          

        CLASS   CONFIG         
                config                             8007     8007        5         0

        CLASS   IDLOC          

        CLASS   EEDATA         

        CLASS   BANK63         

        CLASS   BANK62         

        CLASS   BANK61         

        CLASS   BANK60         

        CLASS   BANK59         

        CLASS   BANK58         

        CLASS   BANK57         

        CLASS   BANK56         

        CLASS   BANK55         

        CLASS   BANK54         

        CLASS   BANK53         

        CLASS   BANK52         

        CLASS   BANK51         

        CLASS   BANK50         

        CLASS   BANK49         

        CLASS   BANK48         

        CLASS   BANK47         

        CLASS   BANK46         

        CLASS   BANK45         

        CLASS   BANK44         

        CLASS   BANK43         

        CLASS   BANK42         

        CLASS   BANK41         

        CLASS   BANK40         

        CLASS   BANK39         

        CLASS   BANK38         

        CLASS   BANK37         

        CLASS   BANK36         

        CLASS   BANK35         

        CLASS   BANK34         

        CLASS   BANK33         

        CLASS   BANK32         

        CLASS   BANK31         

        CLASS   BANK30         

        CLASS   BANK29         

        CLASS   BANK28         

        CLASS   BANK27         

        CLASS   BANK26         



SEGMENTS        Name                           Load    Length   Top    Selector   Space  Class     Delta

                reset_vec                      000000  000003  000003         0       0  CODE        2
                idataBANK4                     000003  000001  000004         6       0  CODE        2
                intentry                       000004  0007FC  000800         8       0  CODE        2
                cstackBANK0                    000020  000050  000070        20       1  BANK0       1
                cstackCOMMON                   000070  00000E  00007E        70       1  COMMON      1
                cstackBANK1                    0000A0  000050  0000F0        A0       1  BANK1       1
                cstackBANK2                    000120  000050  000170       120       1  BANK2       1
                cstackBANK3                    0001A0  000050  0001F0       1A0       1  BANK3       1
                cstackBANK4                    000220  00004D  00026D       220       1  BANK4       1
                bssBANK5                       0002A0  00004D  0002ED       2A0       1  BANK5       1
                text28                         000800  000011  000811      1000       0  CODE        2
                text16                         000811  00002C  00083D      1022       0  CODE        2
                text26_split_6                 00083D  0007CE  00100B      107A       0  CODE        2
                text26_split_13                00100B  000092  00109D      2016       0  CODE        2
                text31                         00109D  000257  0012F4      213A       0  CODE        2
                text26_split_4                 0012F4  000278  00156C      25E8       0  CODE        2
                text27                         00156C  000294  001800      2AD8       0  CODE        2
                idataBANK5                     001803  000016  001819      3006       0  CODE        2
                text6                          001819  000046  00185F      3032       0  CODE        2
                text26_split_5                 00185F  00014E  0019AD      30BE       0  CODE        2
                text26                         0019AD  0001CF  001B7C      335A       0  CODE        2
                text36                         001B7C  000238  001DB4      36F8       0  CODE        2
                text26_split_1                 001DB4  000256  00200A      3B68       0  CODE        2
                text26_split_8                 00200A  00008F  002099      4014       0  CODE        2
                text26_split_2                 002099  000113  0021AC      4132       0  CODE        2
                text26_split_9                 0021AC  00011D  0022C9      4358       0  CODE        2
                text30                         0022C9  000120  0023E9      4592       0  CODE        2
                text26_split_3                 0023E9  00012D  002516      47D2       0  CODE        2
                text26_split_7                 002516  000136  00264C      4A2C       0  CODE        2
                text38                         00264C  0001B4  002800      4C98       0  CODE        2
                text20                         00289A  000004  00289E      5134       0  CODE        2
                text18                         00289E  000004  0028A2      513C       0  CODE        2
                text25                         0028A2  000006  0028A8      5144       0  CODE        2
                text11                         0028A8  000006  0028AE      5150       0  CODE        2
                clrtext                        0028AE  000006  0028B4      515C       0  CODE        2
                inittext                       0028B4  000006  0028BA      5168       0  CODE        2
                text13                         0028BA  000009  0028C3      5174       0  CODE        2
                text10                         0028C3  000009  0028CC      5186       0  CODE        2
                text9                          0028CC  000009  0028D5      5198       0  CODE        2
                text8                          0028D5  000009  0028DE      51AA       0  CODE        2
                text7                          0028DE  000009  0028E7      51BC       0  CODE        2
                text5                          0028E7  000009  0028F0      51CE       0  CODE        2
                text23                         0028F0  00000F  0028FF      51E0       0  CODE        2
                text2                          0028FF  000010  00290F      51FE       0  CODE        2
                maintext                       00290F  00001F  00292E      521E       0  CODE        2
                text35                         00292E  000020  00294E      525C       0  CODE        2
                text33                         00294E  000022  002970      529C       0  CODE        2
                text32                         002970  000023  002993      52E0       0  CODE        2
                text1                          002993  000023  0029B6      5326       0  CODE        2
                text12                         0029B6  000027  0029DD      536C       0  CODE        2
                text4                          0029DD  000029  002A06      53BA       0  CODE        2
                text17                         002A06  00003F  002A45      540C       0  CODE        2
                text14                         002A45  000044  002A89      548A       0  CODE        2
                text39                         002A89  000074  002AFD      5512       0  CODE        2
                text26_split_15                002AFD  000083  002B80      55FA       0  CODE        2
                text26_split_10                002B80  000083  002C03      5700       0  CODE        2
                text26_split_11                002C03  000084  002C87      5806       0  CODE        2
                text26_split_14                002C87  000089  002D10      590E       0  CODE        2
                text29                         002D10  00008B  002D9B      5A20       0  CODE        2
                text34                         002D9B  0000AC  002E47      5B36       0  CODE        2
                text26_split_12                002E47  0000B1  002EF8      5C8E       0  CODE        2
                text24                         002EF8  000108  003000      5DF0       0  CODE        2
                stringtext1                    003000  00007D  00307D      6000       0  STRCODE     2
                config                         008007  000005  00800C     1000E       0  CONFIG      2


UNUSED ADDRESS RANGES

        Name                Unused          Largest block    Delta
        BANK10           000520-00056F               50           1
        BANK11           0005A0-0005EF               50           1
        BANK12           000620-00066F               50           1
        BANK13           0006A0-0006EF               50           1
        BANK14           000720-00076F               50           1
        BANK15           0007A0-0007EF               50           1
        BANK16           000820-00086F               50           1
        BANK17           0008A0-0008EF               50           1
        BANK18           000920-00096F               50           1
        BANK19           0009A0-0009EF               50           1
        BANK20           000A20-000A6F               50           1
        BANK21           000AA0-000AEF               50           1
        BANK22           000B20-000B6F               50           1
        BANK23           000BA0-000BEF               50           1
        BANK24           000C20-000C6F               50           1
        BANK25           000CA0-000CBF               20           1
        BANK4            00026D-00026F                3           1
        BANK5            0002ED-0002EF                3           1
        BANK6            000320-00036F               50           1
        BANK7            0003A0-0003EF               50           1
        BANK8            000420-00046F               50           1
        BANK9            0004A0-0004EF               50           1
        BIGRAM           002000-0027EF              7F0           1
        CODE             001800-001802                3           2
                         002800-002899               9A
                         00307D-003FFF              783
        CONST            001800-001802                3           2
                         002800-002899               9A
                         00307D-003FFF              100
        EEDATA           00F000-00F0FF              100           2
        ENTRY            001800-001802                3           2
                         002800-002899               9A
                         00307D-003FFF              100
        IDLOC            008000-008003                4           2
        RAM              00026D-00026F                3           1
                         0002ED-0002EF                3
                         000320-00036F               50
                         0003A0-0003EF               50
                         000420-00046F               50
                         0004A0-0004EF               50
                         000520-00056F               50
                         0005A0-0005EF               50
                         000620-00066F               50
                         0006A0-0006EF               50
                         000720-00076F               50
                         0007A0-0007EF               50
                         000820-00086F               50
                         0008A0-0008EF               50
                         000920-00096F               50
                         0009A0-0009EF               50
                         000A20-000A6F               50
                         000AA0-000AEF               50
                         000B20-000B6F               50
                         000BA0-000BEF               50
                         000C20-000C6F               50
                         000CA0-000CBF               20
        SFR0             000000-00001F               20           1
        SFR1             000080-00009F               20           1
        SFR10            000500-00051F               20           1
        SFR11            000580-00059F               20           1
        SFR12            000600-00061F               20           1
        SFR13            000680-00069F               20           1
        SFR14            000700-00071F               20           1
        SFR15            000780-00079F               20           1
        SFR16            000800-00081F               20           1
        SFR17            000880-00089F               20           1
        SFR18            000900-00091F               20           1
        SFR19            000980-00099F               20           1
        SFR2             000100-00011F               20           1
        SFR20            000A00-000A1F               20           1
        SFR21            000A80-000A9F               20           1
        SFR22            000B00-000B1F               20           1
        SFR23            000B80-000B9F               20           1
        SFR24            000C00-000C1F               20           1
        SFR25            000C80-000C9F               20           1
        SFR26            000D00-000D6F               70           1
        SFR27            000D80-000DEF               70           1
        SFR28            000E00-000E6F               70           1
        SFR29            000E80-000EEF               70           1
        SFR3             000180-00019F               20           1
        SFR30            000F00-000F6F               70           1
        SFR31            000F80-000FEF               70           1
        SFR32            001000-00106F               70           1
        SFR33            001080-0010EF               70           1
        SFR34            001100-00116F               70           1
        SFR35            001180-0011EF               70           1
        SFR36            001200-00126F               70           1
        SFR37            001280-0012EF               70           1
        SFR38            001300-00136F               70           1
        SFR39            001380-0013EF               70           1
        SFR4             000200-00021F               20           1
        SFR40            001400-00146F               70           1
        SFR41            001480-0014EF               70           1
        SFR42            001500-00156F               70           1
        SFR43            001580-0015EF               70           1
        SFR44            001600-00166F               70           1
        SFR45            001680-0016EF               70           1
        SFR46            001700-00176F               70           1
        SFR47            001780-0017EF               70           1
        SFR48            001800-00186F               70           1
        SFR49            001880-0018EF               70           1
        SFR5             000280-00029F               20           1
        SFR50            001900-00196F               70           1
        SFR51            001980-0019EF               70           1
        SFR52            001A00-001A6F               70           1
        SFR53            001A80-001AEF               70           1
        SFR54            001B00-001B6F               70           1
        SFR55            001B80-001BEF               70           1
        SFR56            001C00-001C6F               70           1
        SFR57            001C80-001CEF               70           1
        SFR58            001D00-001D6F               70           1
        SFR59            001D80-001DEF               70           1
        SFR6             000300-00031F               20           1
        SFR60            001E00-001E6F               70           1
        SFR61            001E80-001EEF               70           1
        SFR62            001F00-001F6F               70           1
        SFR63            001F80-001FEF               70           1
        SFR7             000380-00039F               20           1
        SFR8             000400-00041F               20           1
        SFR9             000480-00049F               20           1
        STACK            0021DD-0027EF              613           1
        STRCODE          001800-001802                3           2
                         002800-002899               9A
                         00307D-003FFF              F83
        STRING           001800-001802                3           2
                         002800-002899               9A
                         00307D-003FFF              100

                                  Symbol Table

?__Umul8_16                                     cstackCOMMON 000070
?___fladd                                       cstackBANK0  000020
?___fldiv                                       cstackBANK0  000056
?___flmul                                       cstackBANK0  000034
?___flneg                                       cstackCOMMON 000070
?___flsub                                       cstackBANK0  00004E
?___fltol                                       cstackCOMMON 000070
?___xxtofl                                      cstackCOMMON 000070
?_fabsf                                         cstackCOMMON 000070
?_nanf                                          cstackCOMMON 000070
?_powf                                          cstackBANK1  0000D4
?_scalbnf                                       cstackBANK0  00004E
?_sqrtf                                         cstackBANK1  0000A0
ADCC_DefaultInterruptHandler@std_dev            cstackBANK4  00023D
ADCC_SetADIInterruptHandler@InterruptHandler    cstackBANK5  0002E8
EUSART1_SetErrorHandler@interruptHandler        cstackBANK5  0002E8
EUSART1_SetFramingErrorHandler@interruptHandler cstackBANK5  0002E8
EUSART1_SetOverrunErrorHandler@interruptHandler cstackBANK5  0002E8
EUSART1_SetRxInterruptHandler@interruptHandler  cstackBANK5  0002E8
EUSART1_SetTxInterruptHandler@interruptHandler  cstackBANK5  0002E8
EUSART1_Write@txData                            cstackBANK5  0002E9
_ADACCH                                         (abs)        000097
_ADACCL                                         (abs)        000096
_ADACCU                                         (abs)        000098
_ADACQH                                         (abs)        00010D
_ADACQL                                         (abs)        00010C
_ADACT                                          (abs)        000117
_ADCAP                                          (abs)        00010E
_ADCC_ADI_InterruptHandler                      nvBANK4      000269
_ADCC_DefaultInterruptHandler                   text24       002EF8
_ADCC_ISR                                       text23       0028F0
_ADCC_Initialize                                text12       0029B6
_ADCC_SetADIInterruptHandler                    text13       0028BA
_ADCLK                                          (abs)        000118
_ADCNT                                          (abs)        000099
_ADCON0                                         (abs)        000111
_ADCON0bits                                     (abs)        000111
_ADCON1                                         (abs)        000112
_ADCON1bits                                     (abs)        000112
_ADCON2                                         (abs)        000113
_ADCON2bits                                     (abs)        000113
_ADCON3                                         (abs)        000114
_ADCON3bits                                     (abs)        000114
_ADC_good_value                                 bssBANK4     000253
_ADERRH                                         (abs)        000091
_ADERRL                                         (abs)        000090
_ADFLTRH                                        (abs)        000095
_ADFLTRL                                        (abs)        000094
_ADLTHH                                         (abs)        00008D
_ADLTHL                                         (abs)        00008C
_ADPCH                                          (abs)        00009F
_ADPREH                                         (abs)        000110
_ADPREL                                         (abs)        00010F
_ADPREVH                                        (abs)        00009C
_ADPREVL                                        (abs)        00009B
_ADREF                                          (abs)        000116
_ADRESH                                         (abs)        00009E
_ADRESL                                         (abs)        00009D
_ADRPT                                          (abs)        00009A
_ADSTAT                                         (abs)        000115
_ADSTATbits                                     (abs)        000115
_ADSTPTH                                        (abs)        000093
_ADSTPTL                                        (abs)        000092
_ADUTHH                                         (abs)        00008F
_ADUTHL                                         (abs)        00008E
_ADvalues                                       bssBANK5     0002B6
_ANSELA                                         (abs)        001F38
_ANSELB                                         (abs)        001F43
_ANSELC                                         (abs)        001F4E
_BAUD1CON                                       (abs)        00011F
_EUSART1_DefaultErrorHandler                    text20       00289A
_EUSART1_DefaultFramingErrorHandler             text19       000002
_EUSART1_DefaultOverrunErrorHandler             text18       00289E
_EUSART1_ErrorHandler                           nvBANK5      0002EB
_EUSART1_FramingErrorHandler                    nvBANK4      000263
_EUSART1_Initialize                             text6        001819
_EUSART1_OverrunErrorHandler                    nvBANK4      000261
_EUSART1_Receive_ISR                            text17       002A06
_EUSART1_RxDataHandler                          text21       0007E2
_EUSART1_RxDefaultInterruptHandler              nvBANK4      000265
_EUSART1_SetErrorHandler                        text11       0028A8
_EUSART1_SetFramingErrorHandler                 text10       0028C3
_EUSART1_SetOverrunErrorHandler                 text9        0028CC
_EUSART1_SetRxInterruptHandler                  text8        0028D5
_EUSART1_SetTxInterruptHandler                  text7        0028DE
_EUSART1_Transmit_ISR                           text16       000811
_EUSART1_TxDefaultInterruptHandler              nvBANK4      000267
_EUSART1_Write                                  text14       002A45
_EUSART_recieved_val                            bssBANK4     000256
_INLVLA                                         (abs)        001F3C
_INLVLB                                         (abs)        001F47
_INLVLC                                         (abs)        001F52
_INTCONbits                                     (abs)        00000B
_INTERRUPT_InterruptManager                     intentry     000004
_LATA                                           (abs)        000018
_LATB                                           (abs)        000019
_LATC                                           (abs)        00001A
_ODCONA                                         (abs)        001F3A
_ODCONB                                         (abs)        001F45
_ODCONC                                         (abs)        001F50
_OSCCON1                                        (abs)        00088D
_OSCCON3                                        (abs)        00088F
_OSCEN                                          (abs)        000891
_OSCFRQ                                         (abs)        000893
_OSCILLATOR_Initialize                          text5        0028E7
_OSCTUNE                                        (abs)        000892
_PIE1bits                                       (abs)        000717
_PIE3bits                                       (abs)        000719
_PIN_MANAGER_Initialize                         text4        0029DD
_PIR1bits                                       (abs)        00070D
_PIR3bits                                       (abs)        00070F
_PMD0                                           (abs)        000796
_PMD1                                           (abs)        000797
_PMD2                                           (abs)        000798
_PMD3                                           (abs)        000799
_PMD4                                           (abs)        00079A
_PMD5                                           (abs)        00079B
_PMD6                                           (abs)        00079C
_PMD7                                           (abs)        00079D
_PMD_Initialize                                 text3        002000
_RC1REG                                         (abs)        000119
_RC1STA                                         (abs)        00011D
_RC1STAbits                                     (abs)        00011D
_RC7PPS                                         (abs)        001F27
_RX1DTPPS                                       (abs)        001ECB
_SLRCONA                                        (abs)        001F3B
_SLRCONB                                        (abs)        001F46
_SLRCONC                                        (abs)        001F51
_SP1BRGH                                        (abs)        00011C
_SP1BRGL                                        (abs)        00011B
_SYSTEM_Initialize                              text2        0028FF
_TRISA                                          (abs)        000012
_TRISB                                          (abs)        000013
_TRISC                                          (abs)        000014
_TX1REG                                         (abs)        00011A
_TX1STA                                         (abs)        00011E
_TX1STAbits                                     (abs)        00011E
_WPUA                                           (abs)        001F39
_WPUB                                           (abs)        001F44
_WPUC                                           (abs)        001F4F
__CFG_BBEN$OFF                                  (abs)        000000
__CFG_BBSIZE$BB512                              (abs)        000000
__CFG_BOREN$ON                                  (abs)        000000
__CFG_BORV$LO                                   (abs)        000000
__CFG_CLKOUTEN$OFF                              (abs)        000000
__CFG_CP$OFF                                    (abs)        000000
__CFG_CSWEN$ON                                  (abs)        000000
__CFG_FCMEN$ON                                  (abs)        000000
__CFG_FEXTOSC$OFF                               (abs)        000000
__CFG_LPBOREN$OFF                               (abs)        000000
__CFG_LVP$ON                                    (abs)        000000
__CFG_MCLRE$ON                                  (abs)        000000
__CFG_PPS1WAY$ON                                (abs)        000000
__CFG_PWRTS$OFF                                 (abs)        000000
__CFG_RSTOSC$HFINT1                             (abs)        000000
__CFG_SAFEN$OFF                                 (abs)        000000
__CFG_STVREN$ON                                 (abs)        000000
__CFG_WDTCCS$SC                                 (abs)        000000
__CFG_WDTCPS$WDTCPS_31                          (abs)        000000
__CFG_WDTCWS$WDTCWS_7                           (abs)        000000
__CFG_WDTE$OFF                                  (abs)        000000
__CFG_WRTAPP$OFF                                (abs)        000000
__CFG_WRTB$OFF                                  (abs)        000000
__CFG_WRTC$OFF                                  (abs)        000000
__CFG_WRTD$OFF                                  (abs)        000000
__CFG_WRTSAF$OFF                                (abs)        000000
__CFG_ZCDDIS$OFF                                (abs)        000000
__Habs1                                         abs1         000000
__Hbank0                                        bank0        000000
__Hbank1                                        bank1        000000
__Hbank10                                       bank10       000000
__Hbank11                                       bank11       000000
__Hbank12                                       bank12       000000
__Hbank13                                       bank13       000000
__Hbank14                                       bank14       000000
__Hbank15                                       bank15       000000
__Hbank16                                       bank16       000000
__Hbank17                                       bank17       000000
__Hbank18                                       bank18       000000
__Hbank19                                       bank19       000000
__Hbank2                                        bank2        000000
__Hbank20                                       bank20       000000
__Hbank21                                       bank21       000000
__Hbank22                                       bank22       000000
__Hbank23                                       bank23       000000
__Hbank24                                       bank24       000000
__Hbank25                                       bank25       000000
__Hbank26                                       bank26       000000
__Hbank27                                       bank27       000000
__Hbank28                                       bank28       000000
__Hbank29                                       bank29       000000
__Hbank3                                        bank3        000000
__Hbank30                                       bank30       000000
__Hbank31                                       bank31       000000
__Hbank32                                       bank32       000000
__Hbank33                                       bank33       000000
__Hbank34                                       bank34       000000
__Hbank35                                       bank35       000000
__Hbank36                                       bank36       000000
__Hbank37                                       bank37       000000
__Hbank38                                       bank38       000000
__Hbank39                                       bank39       000000
__Hbank4                                        bank4        000000
__Hbank40                                       bank40       000000
__Hbank41                                       bank41       000000
__Hbank42                                       bank42       000000
__Hbank43                                       bank43       000000
__Hbank44                                       bank44       000000
__Hbank45                                       bank45       000000
__Hbank46                                       bank46       000000
__Hbank47                                       bank47       000000
__Hbank48                                       bank48       000000
__Hbank49                                       bank49       000000
__Hbank5                                        bank5        000000
__Hbank50                                       bank50       000000
__Hbank51                                       bank51       000000
__Hbank52                                       bank52       000000
__Hbank53                                       bank53       000000
__Hbank54                                       bank54       000000
__Hbank55                                       bank55       000000
__Hbank56                                       bank56       000000
__Hbank57                                       bank57       000000
__Hbank58                                       bank58       000000
__Hbank59                                       bank59       000000
__Hbank6                                        bank6        000000
__Hbank60                                       bank60       000000
__Hbank61                                       bank61       000000
__Hbank62                                       bank62       000000
__Hbank63                                       bank63       000000
__Hbank7                                        bank7        000000
__Hbank8                                        bank8        000000
__Hbank9                                        bank9        000000
__Hbigram                                       bigram       000000
__HbssBANK1                                     bssBANK1     000000
__HbssBANK4                                     bssBANK4     000000
__HbssBANK5                                     bssBANK5     000000
__Hcinit                                        cinit        000060
__Hclrtext                                      clrtext      000000
__Hcode                                         code         000000
__Hcommon                                       common       000000
__Hconfig                                       config       00800C
__HcstackBANK0                                  cstackBANK0  000000
__HcstackBANK1                                  cstackBANK1  000000
__HcstackBANK2                                  cstackBANK2  000000
__HcstackBANK3                                  cstackBANK3  000000
__HcstackBANK4                                  cstackBANK4  000000
__HcstackBANK5                                  cstackBANK5  000000
__HcstackCOMMON                                 cstackCOMMON 000000
__HdataBANK4                                    dataBANK4    000000
__HdataBANK5                                    dataBANK5    000000
__Heeprom_data                                  eeprom_data  000000
__Hend_init                                     end_init     000039
__Hfunctab                                      functab      000000
__HidataBANK4                                   idataBANK4   000000
__HidataBANK5                                   idataBANK5   000000
__Hidloc                                        idloc        000000
__Hinit                                         init         000037
__Hinittext                                     inittext     000000
__Hintentry                                     intentry     000037
__Hmaintext                                     maintext     000000
__HnvBANK4                                      nvBANK4      000000
__HnvBANK5                                      nvBANK5      000000
__Hpowerup                                      powerup      000000
__Hram                                          ram          000000
__Hreset_vec                                    reset_vec    000002
__Hsfr0                                         sfr0         000000
__Hsfr1                                         sfr1         000000
__Hsfr10                                        sfr10        000000
__Hsfr11                                        sfr11        000000
__Hsfr12                                        sfr12        000000
__Hsfr13                                        sfr13        000000
__Hsfr14                                        sfr14        000000
__Hsfr15                                        sfr15        000000
__Hsfr16                                        sfr16        000000
__Hsfr17                                        sfr17        000000
__Hsfr18                                        sfr18        000000
__Hsfr19                                        sfr19        000000
__Hsfr2                                         sfr2         000000
__Hsfr20                                        sfr20        000000
__Hsfr21                                        sfr21        000000
__Hsfr22                                        sfr22        000000
__Hsfr23                                        sfr23        000000
__Hsfr24                                        sfr24        000000
__Hsfr25                                        sfr25        000000
__Hsfr26                                        sfr26        000000
__Hsfr27                                        sfr27        000000
__Hsfr28                                        sfr28        000000
__Hsfr29                                        sfr29        000000
__Hsfr3                                         sfr3         000000
__Hsfr30                                        sfr30        000000
__Hsfr31                                        sfr31        000000
__Hsfr32                                        sfr32        000000
__Hsfr33                                        sfr33        000000
__Hsfr34                                        sfr34        000000
__Hsfr35                                        sfr35        000000
__Hsfr36                                        sfr36        000000
__Hsfr37                                        sfr37        000000
__Hsfr38                                        sfr38        000000
__Hsfr39                                        sfr39        000000
__Hsfr4                                         sfr4         000000
__Hsfr40                                        sfr40        000000
__Hsfr41                                        sfr41        000000
__Hsfr42                                        sfr42        000000
__Hsfr43                                        sfr43        000000
__Hsfr44                                        sfr44        000000
__Hsfr45                                        sfr45        000000
__Hsfr46                                        sfr46        000000
__Hsfr47                                        sfr47        000000
__Hsfr48                                        sfr48        000000
__Hsfr49                                        sfr49        000000
__Hsfr5                                         sfr5         000000
__Hsfr50                                        sfr50        000000
__Hsfr51                                        sfr51        000000
__Hsfr52                                        sfr52        000000
__Hsfr53                                        sfr53        000000
__Hsfr54                                        sfr54        000000
__Hsfr55                                        sfr55        000000
__Hsfr56                                        sfr56        000000
__Hsfr57                                        sfr57        000000
__Hsfr58                                        sfr58        000000
__Hsfr59                                        sfr59        000000
__Hsfr6                                         sfr6         000000
__Hsfr60                                        sfr60        000000
__Hsfr61                                        sfr61        000000
__Hsfr62                                        sfr62        000000
__Hsfr63                                        sfr63        000000
__Hsfr7                                         sfr7         000000
__Hsfr8                                         sfr8         000000
__Hsfr9                                         sfr9         000000
__Hspace_0                                      (abs)        00800C
__Hspace_1                                      (abs)        0002ED
__Hspace_2                                      (abs)        000000
__Hspace_3                                      (abs)        000000
__Hstack                                        stack        000000
__Hstrings                                      strings      000000
__Hstringtext1                                  stringtext1  000000
__Hstringtext10                                 stringtext10 000000
__Hstringtext11                                 stringtext11 000000
__Hstringtext12                                 stringtext12 000000
__Hstringtext13                                 stringtext13 000000
__Hstringtext14                                 stringtext14 000000
__Hstringtext15                                 stringtext15 000000
__Hstringtext16                                 stringtext16 000000
__Hstringtext17                                 stringtext17 000000
__Hstringtext18                                 stringtext18 000000
__Hstringtext19                                 stringtext19 000000
__Hstringtext2                                  stringtext2  000000
__Hstringtext20                                 stringtext20 000000
__Hstringtext21                                 stringtext21 000000
__Hstringtext22                                 stringtext22 000000
__Hstringtext23                                 stringtext23 000000
__Hstringtext24                                 stringtext24 000000
__Hstringtext25                                 stringtext25 000000
__Hstringtext26                                 stringtext26 000000
__Hstringtext27                                 stringtext27 000000
__Hstringtext28                                 stringtext28 000000
__Hstringtext29                                 stringtext29 000000
__Hstringtext3                                  stringtext3  000000
__Hstringtext30                                 stringtext30 000000
__Hstringtext4                                  stringtext4  000000
__Hstringtext5                                  stringtext5  000000
__Hstringtext6                                  stringtext6  000000
__Hstringtext7                                  stringtext7  000000
__Hstringtext8                                  stringtext8  000000
__Hstringtext9                                  stringtext9  000000
__Htext                                         text         000000
__Labs1                                         abs1         000000
__Lbank0                                        bank0        000000
__Lbank1                                        bank1        000000
__Lbank10                                       bank10       000000
__Lbank11                                       bank11       000000
__Lbank12                                       bank12       000000
__Lbank13                                       bank13       000000
__Lbank14                                       bank14       000000
__Lbank15                                       bank15       000000
__Lbank16                                       bank16       000000
__Lbank17                                       bank17       000000
__Lbank18                                       bank18       000000
__Lbank19                                       bank19       000000
__Lbank2                                        bank2        000000
__Lbank20                                       bank20       000000
__Lbank21                                       bank21       000000
__Lbank22                                       bank22       000000
__Lbank23                                       bank23       000000
__Lbank24                                       bank24       000000
__Lbank25                                       bank25       000000
__Lbank26                                       bank26       000000
__Lbank27                                       bank27       000000
__Lbank28                                       bank28       000000
__Lbank29                                       bank29       000000
__Lbank3                                        bank3        000000
__Lbank30                                       bank30       000000
__Lbank31                                       bank31       000000
__Lbank32                                       bank32       000000
__Lbank33                                       bank33       000000
__Lbank34                                       bank34       000000
__Lbank35                                       bank35       000000
__Lbank36                                       bank36       000000
__Lbank37                                       bank37       000000
__Lbank38                                       bank38       000000
__Lbank39                                       bank39       000000
__Lbank4                                        bank4        000000
__Lbank40                                       bank40       000000
__Lbank41                                       bank41       000000
__Lbank42                                       bank42       000000
__Lbank43                                       bank43       000000
__Lbank44                                       bank44       000000
__Lbank45                                       bank45       000000
__Lbank46                                       bank46       000000
__Lbank47                                       bank47       000000
__Lbank48                                       bank48       000000
__Lbank49                                       bank49       000000
__Lbank5                                        bank5        000000
__Lbank50                                       bank50       000000
__Lbank51                                       bank51       000000
__Lbank52                                       bank52       000000
__Lbank53                                       bank53       000000
__Lbank54                                       bank54       000000
__Lbank55                                       bank55       000000
__Lbank56                                       bank56       000000
__Lbank57                                       bank57       000000
__Lbank58                                       bank58       000000
__Lbank59                                       bank59       000000
__Lbank6                                        bank6        000000
__Lbank60                                       bank60       000000
__Lbank61                                       bank61       000000
__Lbank62                                       bank62       000000
__Lbank63                                       bank63       000000
__Lbank7                                        bank7        000000
__Lbank8                                        bank8        000000
__Lbank9                                        bank9        000000
__Lbigram                                       bigram       000000
__LbssBANK1                                     bssBANK1     000000
__LbssBANK4                                     bssBANK4     000000
__LbssBANK5                                     bssBANK5     000000
__Lcinit                                        cinit        000039
__Lclrtext                                      clrtext      000000
__Lcode                                         code         000000
__Lcommon                                       common       000000
__Lconfig                                       config       008007
__LcstackBANK0                                  cstackBANK0  000000
__LcstackBANK1                                  cstackBANK1  000000
__LcstackBANK2                                  cstackBANK2  000000
__LcstackBANK3                                  cstackBANK3  000000
__LcstackBANK4                                  cstackBANK4  000000
__LcstackBANK5                                  cstackBANK5  000000
__LcstackCOMMON                                 cstackCOMMON 000000
__LdataBANK4                                    dataBANK4    000000
__LdataBANK5                                    dataBANK5    000000
__Leeprom_data                                  eeprom_data  000000
__Lend_init                                     end_init     000037
__Lfunctab                                      functab      000000
__LidataBANK4                                   idataBANK4   000000
__LidataBANK5                                   idataBANK5   000000
__Lidloc                                        idloc        000000
__Linit                                         init         000037
__Linittext                                     inittext     000000
__Lintentry                                     intentry     000004
__Lmaintext                                     maintext     000000
__LnvBANK4                                      nvBANK4      000000
__LnvBANK5                                      nvBANK5      000000
__Lpowerup                                      powerup      000000
__Lram                                          ram          000000
__Lreset_vec                                    reset_vec    000000
__Lsfr0                                         sfr0         000000
__Lsfr1                                         sfr1         000000
__Lsfr10                                        sfr10        000000
__Lsfr11                                        sfr11        000000
__Lsfr12                                        sfr12        000000
__Lsfr13                                        sfr13        000000
__Lsfr14                                        sfr14        000000
__Lsfr15                                        sfr15        000000
__Lsfr16                                        sfr16        000000
__Lsfr17                                        sfr17        000000
__Lsfr18                                        sfr18        000000
__Lsfr19                                        sfr19        000000
__Lsfr2                                         sfr2         000000
__Lsfr20                                        sfr20        000000
__Lsfr21                                        sfr21        000000
__Lsfr22                                        sfr22        000000
__Lsfr23                                        sfr23        000000
__Lsfr24                                        sfr24        000000
__Lsfr25                                        sfr25        000000
__Lsfr26                                        sfr26        000000
__Lsfr27                                        sfr27        000000
__Lsfr28                                        sfr28        000000
__Lsfr29                                        sfr29        000000
__Lsfr3                                         sfr3         000000
__Lsfr30                                        sfr30        000000
__Lsfr31                                        sfr31        000000
__Lsfr32                                        sfr32        000000
__Lsfr33                                        sfr33        000000
__Lsfr34                                        sfr34        000000
__Lsfr35                                        sfr35        000000
__Lsfr36                                        sfr36        000000
__Lsfr37                                        sfr37        000000
__Lsfr38                                        sfr38        000000
__Lsfr39                                        sfr39        000000
__Lsfr4                                         sfr4         000000
__Lsfr40                                        sfr40        000000
__Lsfr41                                        sfr41        000000
__Lsfr42                                        sfr42        000000
__Lsfr43                                        sfr43        000000
__Lsfr44                                        sfr44        000000
__Lsfr45                                        sfr45        000000
__Lsfr46                                        sfr46        000000
__Lsfr47                                        sfr47        000000
__Lsfr48                                        sfr48        000000
__Lsfr49                                        sfr49        000000
__Lsfr5                                         sfr5         000000
__Lsfr50                                        sfr50        000000
__Lsfr51                                        sfr51        000000
__Lsfr52                                        sfr52        000000
__Lsfr53                                        sfr53        000000
__Lsfr54                                        sfr54        000000
__Lsfr55                                        sfr55        000000
__Lsfr56                                        sfr56        000000
__Lsfr57                                        sfr57        000000
__Lsfr58                                        sfr58        000000
__Lsfr59                                        sfr59        000000
__Lsfr6                                         sfr6         000000
__Lsfr60                                        sfr60        000000
__Lsfr61                                        sfr61        000000
__Lsfr62                                        sfr62        000000
__Lsfr63                                        sfr63        000000
__Lsfr7                                         sfr7         000000
__Lsfr8                                         sfr8         000000
__Lsfr9                                         sfr9         000000
__Lspace_0                                      (abs)        000000
__Lspace_1                                      (abs)        000000
__Lspace_2                                      (abs)        000000
__Lspace_3                                      (abs)        000000
__Lstack                                        stack        000000
__Lstrings                                      strings      000000
__Lstringtext1                                  stringtext1  000000
__Lstringtext10                                 stringtext10 000000
__Lstringtext11                                 stringtext11 000000
__Lstringtext12                                 stringtext12 000000
__Lstringtext13                                 stringtext13 000000
__Lstringtext14                                 stringtext14 000000
__Lstringtext15                                 stringtext15 000000
__Lstringtext16                                 stringtext16 000000
__Lstringtext17                                 stringtext17 000000
__Lstringtext18                                 stringtext18 000000
__Lstringtext19                                 stringtext19 000000
__Lstringtext2                                  stringtext2  000000
__Lstringtext20                                 stringtext20 000000
__Lstringtext21                                 stringtext21 000000
__Lstringtext22                                 stringtext22 000000
__Lstringtext23                                 stringtext23 000000
__Lstringtext24                                 stringtext24 000000
[...]
 Parameters:    Size  Location     Type
  x               4    0[COMMON] float 
 Auto vars:     Size  Location     Type
  u               4    4[COMMON] struct .
 Return value:  Size  Location     Type
                  4    0[COMMON] float 
 Registers used:
		wreg
 Tracked objects:
		On entry : 
		On exit  : 
		Unchanged: 
 Data sizes:     COMMON   BANK0   BANK1   BANK2   BANK3   BANK4   BANK5   BANK6   BANK7   BANK8   BANK9  BANK10  BANK11  BANK12  BANK13  BANK14  BANK15  BANK16  BANK17  BANK18  BANK19  BANK20  BANK21  BANK22  BANK23  BANK24  BANK25
      Params:         4       0       0       0       0       0       0       0       0       0       0       0       0       0       0       0       0       0       0       0       0       0       0       0       0       0       0
      Locals:         4       0       0       0       0       0       0       0       0       0       0       0       0       0       0       0       0       0       0       0       0       0       0       0       0       0       0
      Temps:          0       0       0       0       0       0       0       0       0       0       0       0       0       0       0       0       0       0       0       0       0       0       0       0       0       0       0
      Totals:         8       0       0       0       0       0       0       0       0       0       0       0       0       0       0       0       0       0       0       0       0       0       0       0       0       0       0
Total ram usage:        8 bytes
 Hardware stack levels used:    1
 This function calls:
		Nothing
 This function is called by:
		_powf
 This function uses a non-reentrant model


 *************** function ___xxtofl *****************
 Defined at:
		line 10 in file "C:\Program Files (x86)\Microchip\xc8\v2.10\pic\sources\c99\common\xxtofl.c"
 Parameters:    Size  Location     Type
  sign            1    wreg     unsigned char 
  val             4    0[COMMON] long 
 Auto vars:     Size  Location     Type
  sign            1    8[COMMON] unsigned char 
  arg             4   10[COMMON] unsigned long 
  exp             1    9[COMMON] unsigned char 
 Return value:  Size  Location     Type
                  4    0[COMMON] unsigned char 
 Registers used:
		wreg, status,2, status,0
 Tracked objects:
		On entry : 
		On exit  : 
		Unchanged: 
 Data sizes:     COMMON   BANK0   BANK1   BANK2   BANK3   BANK4   BANK5   BANK6   BANK7   BANK8   BANK9  BANK10  BANK11  BANK12  BANK13  BANK14  BANK15  BANK16  BANK17  BANK18  BANK19  BANK20  BANK21  BANK22  BANK23  BANK24  BANK25
      Params:         4       0       0       0       0       0       0       0       0       0       0       0       0       0       0       0       0       0       0       0       0       0       0       0       0       0       0
      Locals:         6       0       0       0       0       0       0       0       0       0       0       0       0       0       0       0       0       0       0       0       0       0       0       0       0       0       0
      Temps:          4       0       0       0       0       0       0       0       0       0       0       0       0       0       0       0       0       0       0       0       0       0       0       0       0       0       0
      Totals:        14       0       0       0       0       0       0       0       0       0       0       0       0       0       0       0       0       0       0       0       0       0       0       0       0       0       0
Total ram usage:       14 bytes
 Hardware stack levels used:    1
 This function calls:
		Nothing
 This function is called by:
		_ADCC_DefaultInterruptHandler
		_powf
 This function uses a non-reentrant model


 *************** function ___flsub *****************
 Defined at:
		line 242 in file "C:\Program Files (x86)\Microchip\xc8\v2.10\pic\sources\c99\common\sprcadd.c"
 Parameters:    Size  Location     Type
  a               4   46[BANK0 ] unsigned char 
  b               4   50[BANK0 ] unsigned char 
 Auto vars:     Size  Location     Type
		None
 Return value:  Size  Location     Type
                  4   46[BANK0 ] unsigned char 
 Registers used:
		wreg, status,2, status,0, pclath, cstack
 Tracked objects:
		On entry : 
		On exit  : 
		Unchanged: 
 Data sizes:     COMMON   BANK0   BANK1   BANK2   BANK3   BANK4   BANK5   BANK6   BANK7   BANK8   BANK9  BANK10  BANK11  BANK12  BANK13  BANK14  BANK15  BANK16  BANK17  BANK18  BANK19  BANK20  BANK21  BANK22  BANK23  BANK24  BANK25
      Params:         0       8       0       0       0       0       0       0       0       0       0       0       0       0       0       0       0       0       0       0       0       0       0       0       0       0       0
      Locals:         0       0       0       0       0       0       0       0       0       0       0       0       0       0       0       0       0       0       0       0       0       0       0       0       0       0       0
      Temps:          0       0       0       0       0       0       0       0       0       0       0       0       0       0       0       0       0       0       0       0       0       0       0       0       0       0       0
      Totals:         0       8       0       0       0       0       0       0       0       0       0       0       0       0       0       0       0       0       0       0       0       0       0       0       0       0       0
Total ram usage:        8 bytes
 Hardware stack levels used:    1
 Hardware stack levels required when called:    1
 This function calls:
		___fladd
 This function is called by:
		_ADCC_DefaultInterruptHandler
		_powf
 This function uses a non-reentrant model


 *************** function ___fladd *****************
 Defined at:
		line 10 in file "C:\Program Files (x86)\Microchip\xc8\v2.10\pic\sources\c99\common\sprcadd.c"
 Parameters:    Size  Location     Type
  b               4    0[BANK0 ] unsigned char 
  a               4    4[BANK0 ] unsigned char 
 Auto vars:     Size  Location     Type
  grs             1   19[BANK0 ] unsigned char 
  bexp            1   18[BANK0 ] unsigned char 
  aexp            1   17[BANK0 ] unsigned char 
  signs           1   16[BANK0 ] unsigned char 
 Return value:  Size  Location     Type
                  4    0[BANK0 ] unsigned char 
 Registers used:
		wreg, status,2, status,0
 Tracked objects:
		On entry : 
		On exit  : 
		Unchanged: 
 Data sizes:     COMMON   BANK0   BANK1   BANK2   BANK3   BANK4   BANK5   BANK6   BANK7   BANK8   BANK9  BANK10  BANK11  BANK12  BANK13  BANK14  BANK15  BANK16  BANK17  BANK18  BANK19  BANK20  BANK21  BANK22  BANK23  BANK24  BANK25
      Params:         0       8       0       0       0       0       0       0       0       0       0       0       0       0       0       0       0       0       0       0       0       0       0       0       0       0       0
      Locals:         0       4       0       0       0       0       0       0       0       0       0       0       0       0       0       0       0       0       0       0       0       0       0       0       0       0       0
      Temps:          0       8       0       0       0       0       0       0       0       0       0       0       0       0       0       0       0       0       0       0       0       0       0       0       0       0       0
      Totals:         0      20       0       0       0       0       0       0       0       0       0       0       0       0       0       0       0       0       0       0       0       0       0       0       0       0       0
Total ram usage:       20 bytes
 Hardware stack levels used:    1
 This function calls:
		Nothing
 This function is called by:
		_ADCC_DefaultInterruptHandler
		___flsub
		_powf
		_sqrtf
 This function uses a non-reentrant model


 *************** function ___flneg *****************
 Defined at:
		line 15 in file "C:\Program Files (x86)\Microchip\xc8\v2.10\pic\sources\c99\common\flneg.c"
 Parameters:    Size  Location     Type
  f1              4    0[COMMON] unsigned char 
 Auto vars:     Size  Location     Type
		None
 Return value:  Size  Location     Type
                  4    0[COMMON] unsigned char 
 Registers used:
		wreg
 Tracked objects:
		On entry : 
		On exit  : 
		Unchanged: 
 Data sizes:     COMMON   BANK0   BANK1   BANK2   BANK3   BANK4   BANK5   BANK6   BANK7   BANK8   BANK9  BANK10  BANK11  BANK12  BANK13  BANK14  BANK15  BANK16  BANK17  BANK18  BANK19  BANK20  BANK21  BANK22  BANK23  BANK24  BANK25
      Params:         4       0       0       0       0       0       0       0       0       0       0       0       0       0       0       0       0       0       0       0       0       0       0       0       0       0       0
      Locals:         0       0       0       0       0       0       0       0       0       0       0       0       0       0       0       0       0       0       0       0       0       0       0       0       0       0       0
      Temps:          0       0       0       0       0       0       0       0       0       0       0       0       0       0       0       0       0       0       0       0       0       0       0       0       0       0       0
      Totals:         4       0       0       0       0       0       0       0       0       0       0       0       0       0       0       0       0       0       0       0       0       0       0       0       0       0       0
Total ram usage:        4 bytes
 Hardware stack levels used:    1
 This function calls:
		Nothing
 This function is called by:
		_powf
 This function uses a non-reentrant model


 *************** function ___fldiv *****************
 Defined at:
		line 8 in file "C:\Program Files (x86)\Microchip\xc8\v2.10\pic\sources\c99\common\sprcdiv.c"
 Parameters:    Size  Location     Type
  a               4   54[BANK0 ] unsigned char 
  b               4   58[BANK0 ] unsigned char 
 Auto vars:     Size  Location     Type
  grs             4   74[BANK0 ] unsigned long 
  rem             4   67[BANK0 ] unsigned long 
  new_exp         2   72[BANK0 ] int 
  aexp            1   79[BANK0 ] unsigned char 
  bexp            1   78[BANK0 ] unsigned char 
  sign            1   71[BANK0 ] unsigned char 
 Return value:  Size  Location     Type
                  4   54[BANK0 ] unsigned char 
 Registers used:
		wreg, status,2, status,0
 Tracked objects:
		On entry : 
		On exit  : 
		Unchanged: 
 Data sizes:     COMMON   BANK0   BANK1   BANK2   BANK3   BANK4   BANK5   BANK6   BANK7   BANK8   BANK9  BANK10  BANK11  BANK12  BANK13  BANK14  BANK15  BANK16  BANK17  BANK18  BANK19  BANK20  BANK21  BANK22  BANK23  BANK24  BANK25
      Params:         0       8       0       0       0       0       0       0       0       0       0       0       0       0       0       0       0       0       0       0       0       0       0       0       0       0       0
      Locals:         0      13       0       0       0       0       0       0       0       0       0       0       0       0       0       0       0       0       0       0       0       0       0       0       0       0       0
      Temps:          0       5       0       0       0       0       0       0       0       0       0       0       0       0       0       0       0       0       0       0       0       0       0       0       0       0       0
      Totals:         0      26       0       0       0       0       0       0       0       0       0       0       0       0       0       0       0       0       0       0       0       0       0       0       0       0       0
Total ram usage:       26 bytes
 Hardware stack levels used:    1
 This function calls:
		Nothing
 This function is called by:
		_ADCC_DefaultInterruptHandler
		_powf
 This function uses a non-reentrant model


 *************** function ___fltol *****************
 Defined at:
		line 43 in file "C:\Program Files (x86)\Microchip\xc8\v2.10\pic\sources\c99\common\fltol.c"
 Parameters:    Size  Location     Type
  f1              4    0[COMMON] unsigned char 
 Auto vars:     Size  Location     Type
  exp1            1   10[COMMON] unsigned char 
  sign1           1    9[COMMON] unsigned char 
 Return value:  Size  Location     Type
                  4    0[COMMON] long 
 Registers used:
		wreg, status,2, status,0
 Tracked objects:
		On entry : 
		On exit  : 
		Unchanged: 
 Data sizes:     COMMON   BANK0   BANK1   BANK2   BANK3   BANK4   BANK5   BANK6   BANK7   BANK8   BANK9  BANK10  BANK11  BANK12  BANK13  BANK14  BANK15  BANK16  BANK17  BANK18  BANK19  BANK20  BANK21  BANK22  BANK23  BANK24  BANK25
      Params:         4       0       0       0       0       0       0       0       0       0       0       0       0       0       0       0       0       0       0       0       0       0       0       0       0       0       0
      Locals:         2       0       0       0       0       0       0       0       0       0       0       0       0       0       0       0       0       0       0       0       0       0       0       0       0       0       0
      Temps:          5       0       0       0       0       0       0       0       0       0       0       0       0       0       0       0       0       0       0       0       0       0       0       0       0       0       0
      Totals:        11       0       0       0       0       0       0       0       0       0       0       0       0       0       0       0       0       0       0       0       0       0       0       0       0       0       0
Total ram usage:       11 bytes
 Hardware stack levels used:    1
 This function calls:
		Nothing
 This function is called by:
		_ADCC_DefaultInterruptHandler
 This function uses a non-reentrant model



MODULE INFORMATION

Module		Function		Class		Link	Load	Size
C:\Program Files (x86)\Microchip\xc8\v2.10\pic\sources\c99\common\xxtofl.c
		___xxtofl      		CODE           	2D9B	0000	173

C:\Program Files (x86)\Microchip\xc8\v2.10\pic\sources\c99\common\xxtofl.c estimated size: 173

mcc_generated_files/interrupt_manager.c
		_INTERRUPT_InterruptManager		CODE           	0004	0000	52

mcc_generated_files/interrupt_manager.c estimated size: 52

C:\Program Files (x86)\Microchip\xc8\v2.10\pic\sources\c99\common\sqrtf.c
		_sqrtf         		CODE           	156C	0000	661

C:\Program Files (x86)\Microchip\xc8\v2.10\pic\sources\c99\common\sqrtf.c estimated size: 661

C:\Program Files (x86)\Microchip\xc8\v2.10\pic\sources\c99\common\fltol.c
		___fltol       		CODE           	2A89	0000	117

C:\Program Files (x86)\Microchip\xc8\v2.10\pic\sources\c99\common\fltol.c estimated size: 117

mcc_generated_files/pin_manager.c
		_PIN_MANAGER_Initialize		CODE           	29DD	0000	42

mcc_generated_files/pin_manager.c estimated size: 42

C:\Program Files (x86)\Microchip\xc8\v2.10\pic\sources\c99\common\powf.c
		_powf          		CODE           	19AD	0000	8095

C:\Program Files (x86)\Microchip\xc8\v2.10\pic\sources\c99\common\powf.c estimated size: 8095

C:\Program Files (x86)\Microchip\xc8\v2.10\pic\sources\c99\common\sprcmul.c
		___flmul       		CODE           	109D	0000	600

C:\Program Files (x86)\Microchip\xc8\v2.10\pic\sources\c99\common\sprcmul.c estimated size: 600

C:\Program Files (x86)\Microchip\xc8\v2.10\pic\sources\c99\common\sprcdiv.c
		___fldiv       		CODE           	264C	0000	437

C:\Program Files (x86)\Microchip\xc8\v2.10\pic\sources\c99\common\sprcdiv.c estimated size: 437

C:\Program Files (x86)\Microchip\xc8\v2.10\pic\sources\c99\common\scalbnf.c
		_scalbnf       		CODE           	22C9	0000	289

C:\Program Files (x86)\Microchip\xc8\v2.10\pic\sources\c99\common\scalbnf.c estimated size: 289

C:\Program Files (x86)\Microchip\xc8\v2.10\pic\sources\c99\common\flge.c
		___flge        		CODE           	2D10	0000	140

C:\Program Files (x86)\Microchip\xc8\v2.10\pic\sources\c99\common\flge.c estimated size: 140

C:\Program Files (x86)\Microchip\xc8\v2.10\pic\sources\c99\common\flneg.c
		___flneg       		CODE           	1000	0000	12

C:\Program Files (x86)\Microchip\xc8\v2.10\pic\sources\c99\common\flneg.c estimated size: 12

C:\Program Files (x86)\Microchip\xc8\v2.10\pic\sources\c99\common\fabsf.c
		_fabsf         		CODE           	294E	0000	35

C:\Program Files (x86)\Microchip\xc8\v2.10\pic\sources\c99\common\fabsf.c estimated size: 35

shared
		_L5            		STRCODE        	0000	0000	0
		_P3            		STRCODE        	0000	0000	0
		_L6            		STRCODE        	0000	0000	0
		_P4            		STRCODE        	0000	0000	0
		_P5            		STRCODE        	0000	0000	0
		_lg2_l         		STRCODE        	0000	0000	0
		_ivln2_l       		STRCODE        	0000	0000	0
		_ivln2         		STRCODE        	0000	0000	0
		__initialization		CODE           	0039	0000	36
		_bp            		STRCODE        	3010	0000	9
		_cp            		STRCODE        	0000	0000	0
		_cp_h          		STRCODE        	0000	0000	0
		_dp_h          		STRCODE        	3008	0000	9
		_lg2           		STRCODE        	0000	0000	0
		_lg2_h         		STRCODE        	0000	0000	0
		_ivln2_h       		STRCODE        	0000	0000	0
		_tiny          		STRCODE        	0000	0000	0
		sqrtf@tiny     		STRCODE        	0000	0000	0
		_ovt           		STRCODE        	0000	0000	0
		_huge          		STRCODE        	0000	0000	0
		_two24         		STRCODE        	0000	0000	0
		_cp_l          		STRCODE        	0000	0000	0
		_dp_l          		STRCODE        	3000	0000	9
		_L1            		STRCODE        	0000	0000	0
		_L2            		STRCODE        	0000	0000	0
		_L3            		STRCODE        	0000	0000	0
		_P1            		STRCODE        	0000	0000	0
		_L4            		STRCODE        	0000	0000	0
		_P2            		STRCODE        	0000	0000	0

shared estimated size: 63

mcc_generated_files/eusart1.c
		_EUSART1_SetRxInterruptHandler		CODE           	28D5	0000	10
		_EUSART1_SetTxInterruptHandler		CODE           	28DE	0000	10
		_EUSART1_Initialize		CODE           	1819	0000	71
		_EUSART1_DefaultErrorHandler		CODE           	289A	0000	5
		_EUSART1_SetFramingErrorHandler		CODE           	28C3	0000	10
		_EUSART1_SetOverrunErrorHandler		CODE           	28CC	0000	10
		_EUSART1_SetErrorHandler		CODE           	28A8	0000	7
		_EUSART1_Write 		CODE           	2A45	0000	69
		_EUSART1_Receive_ISR		CODE           	2A06	0000	64
		_EUSART1_RxDataHandler		CODE           	07E2	0000	24
		_EUSART1_DefaultOverrunErrorHandler		CODE           	289E	0000	5
		_EUSART1_Transmit_ISR		CODE           	0811	0000	45
		_fill_buffer   		CODE           	2993	0000	36
		_EUSART1_DefaultFramingErrorHandler		CODE           	0002	0000	2

mcc_generated_files/eusart1.c estimated size: 368

mcc_generated_files/mcc.c
		_PMD_Initialize		CODE           	2000	0000	11
		_OSCILLATOR_Initialize		CODE           	28E7	0000	10
		_SYSTEM_Initialize		CODE           	28FF	0000	17

mcc_generated_files/mcc.c estimated size: 38

C:\Program Files (x86)\Microchip\xc8\v2.10\pic\sources\c99\common\sprcadd.c
		___flsub       		CODE           	292E	0000	33
		___fladd       		CODE           	1B7C	0000	569

C:\Program Files (x86)\Microchip\xc8\v2.10\pic\sources\c99\common\sprcadd.c estimated size: 602

C:\Program Files (x86)\Microchip\xc8\v2.10\pic\sources\c99\common\Umul8_16.c
		__Umul8_16     		CODE           	2970	0000	36

C:\Program Files (x86)\Microchip\xc8\v2.10\pic\sources\c99\common\Umul8_16.c estimated size: 36

mcc_generated_files/adcc.c
		_ADCC_DefaultInterruptHandler		CODE           	2EF8	0000	265
		_ADCC_SetADIInterruptHandler		CODE           	28BA	0000	10
		_ADCC_ISR      		CODE           	28F0	0000	16
		_ADCC_Initialize		CODE           	29B6	0000	40

mcc_generated_files/adcc.c estimated size: 331

C:\Program Files (x86)\Microchip\xc8\v2.10\pic\sources\c99\common\nanf.c
		_nanf          		CODE           	0800	0000	18

C:\Program Files (x86)\Microchip\xc8\v2.10\pic\sources\c99\common\nanf.c estimated size: 18

main.c
		_main          		CODE           	290F	0000	32
		_set_ADC_value 		CODE           	28A2	0000	7
		_set_EUSART_value		CODE           	07F9	0000	8

main.c estimated size: 47

